// Level 1-1: Es Primer Pas (The First Step)
// 60 x 15 tiles
// Legend: . = air, # = solid, - = one-way, X = hazard, B = breakable, P = player, C = companion
#...........................................................
#...........................................................
#...........................................................
#...........................................................
#............................#...#..........................
#............................#...#..........................
#............................#...#..........................
#............................#...#..........................
#............................#...#..........................
#............................#...#..........................
#............................#...#..........................
#CP.........................................................
#.............###...........................................
####################..######################################
####################..######################################
